Scanning /gws/nopw/j04/cocoon/SSA_domain/ch9_wavelet/2004
31998
YEAR = 2004
Total files found: 31998
{'year': '2004', 'month': '01', 'day': '19', 'hour': '10', 'minute': '30'}
['/gws/nopw/j04/cocoon/SSA_domain/ch9_wavelet/2004/01/200401190830.nc', '/gws/nopw/j04/cocoon/SSA_domain/ch9_wavelet/2004/01/200401190900.nc', '/gws/nopw/j04/cocoon/SSA_domain/ch9_wavelet/2004/01/200401190930.nc', '/gws/nopw/j04/cocoon/SSA_domain/ch9_wavelet/2004/01/200401191000.nc', '/gws/nopw/j04/cocoon/SSA_domain/ch9_wavelet/2004/01/200401191030.nc']
['/gws/nopw/j04/cocoon/SSA_domain/ch9_wavelet/2004/01/200401191100.nc', '/gws/nopw/j04/cocoon/SSA_domain/ch9_wavelet/2004/01/200401191130.nc', '/gws/nopw/j04/cocoon/SSA_domain/ch9_wavelet/2004/01/200401191200.nc', '/gws/nopw/j04/cocoon/SSA_domain/ch9_wavelet/2004/01/200401191230.nc', '/gws/nopw/j04/cocoon/SSA_domain/ch9_wavelet/2004/01/200401191330.nc']
Missing required files for /gws/nopw/j04/cocoon/SSA_domain/ch9_wavelet/2004/01/200401191030.nc
{'year': '2004', 'month': '01', 'day': '19', 'hour': '10', 'minute': '45'}
['/gws/nopw/j04/cocoon/SSA_domain/ch9_wavelet/2004/01/200401190845.nc', '/gws/nopw/j04/cocoon/SSA_domain/ch9_wavelet/2004/01/200401190915.nc', '/gws/nopw/j04/cocoon/SSA_domain/ch9_wavelet/2004/01/200401190945.nc', '/gws/nopw/j04/cocoon/SSA_domain/ch9_wavelet/2004/01/200401191015.nc', '/gws/nopw/j04/cocoon/SSA_domain/ch9_wavelet/2004/01/200401191045.nc']
['/gws/nopw/j04/cocoon/SSA_domain/ch9_wavelet/2004/01/200401191115.nc', '/gws/nopw/j04/cocoon/SSA_domain/ch9_wavelet/2004/01/200401191145.nc', '/gws/nopw/j04/cocoon/SSA_domain/ch9_wavelet/2004/01/200401191215.nc', '/gws/nopw/j04/cocoon/SSA_domain/ch9_wavelet/2004/01/200401191245.nc', '/gws/nopw/j04/cocoon/SSA_domain/ch9_wavelet/2004/01/200401191345.nc']
Missing required files for /gws/nopw/j04/cocoon/SSA_domain/ch9_wavelet/2004/01/200401191045.nc
{'year': '2004', 'month': '01', 'day': '19', 'hour': '11', 'minute': '00'}
['/gws/nopw/j04/cocoon/SSA_domain/ch9_wavelet/2004/01/200401190900.nc', '/gws/nopw/j04/cocoon/SSA_domain/ch9_wavelet/2004/01/200401190930.nc', '/gws/nopw/j04/cocoon/SSA_domain/ch9_wavelet/2004/01/200401191000.nc', '/gws/nopw/j04/cocoon/SSA_domain/ch9_wavelet/2004/01/200401191030.nc', '/gws/nopw/j04/cocoon/SSA_domain/ch9_wavelet/2004/01/200401191100.nc']
['/gws/nopw/j04/cocoon/SSA_domain/ch9_wavelet/2004/01/200401191130.nc', '/gws/nopw/j04/cocoon/SSA_domain/ch9_wavelet/2004/01/200401191200.nc', '/gws/nopw/j04/cocoon/SSA_domain/ch9_wavelet/2004/01/200401191230.nc', '/gws/nopw/j04/cocoon/SSA_domain/ch9_wavelet/2004/01/200401191300.nc', '/gws/nopw/j04/cocoon/SSA_domain/ch9_wavelet/2004/01/200401191400.nc']
Missing required files for /gws/nopw/j04/cocoon/SSA_domain/ch9_wavelet/2004/01/200401191100.nc
{'year': '2004', 'month': '01', 'day': '19', 'hour': '11', 'minute': '15'}
['/gws/nopw/j04/cocoon/SSA_domain/ch9_wavelet/2004/01/200401190915.nc', '/gws/nopw/j04/cocoon/SSA_domain/ch9_wavelet/2004/01/200401190945.nc', '/gws/nopw/j04/cocoon/SSA_domain/ch9_wavelet/2004/01/200401191015.nc', '/gws/nopw/j04/cocoon/SSA_domain/ch9_wavelet/2004/01/200401191045.nc', '/gws/nopw/j04/cocoon/SSA_domain/ch9_wavelet/2004/01/200401191115.nc']
['/gws/nopw/j04/cocoon/SSA_domain/ch9_wavelet/2004/01/200401191145.nc', '/gws/nopw/j04/cocoon/SSA_domain/ch9_wavelet/2004/01/200401191215.nc', '/gws/nopw/j04/cocoon/SSA_domain/ch9_wavelet/2004/01/200401191245.nc', '/gws/nopw/j04/cocoon/SSA_domain/ch9_wavelet/2004/01/200401191315.nc', '/gws/nopw/j04/cocoon/SSA_domain/ch9_wavelet/2004/01/200401191415.nc']
Missing required files for /gws/nopw/j04/cocoon/SSA_domain/ch9_wavelet/2004/01/200401191115.nc
{'year': '2004', 'month': '01', 'day': '19', 'hour': '11', 'minute': '30'}
['/gws/nopw/j04/cocoon/SSA_domain/ch9_wavelet/2004/01/200401190930.nc', '/gws/nopw/j04/cocoon/SSA_domain/ch9_wavelet/2004/01/200401191000.nc', '/gws/nopw/j04/cocoon/SSA_domain/ch9_wavelet/2004/01/200401191030.nc', '/gws/nopw/j04/cocoon/SSA_domain/ch9_wavelet/2004/01/200401191100.nc', '/gws/nopw/j04/cocoon/SSA_domain/ch9_wavelet/2004/01/200401191130.nc']
['/gws/nopw/j04/cocoon/SSA_domain/ch9_wavelet/2004/01/200401191200.nc', '/gws/nopw/j04/cocoon/SSA_domain/ch9_wavelet/2004/01/200401191230.nc', '/gws/nopw/j04/cocoon/SSA_domain/ch9_wavelet/2004/01/200401191300.nc', '/gws/nopw/j04/cocoon/SSA_domain/ch9_wavelet/2004/01/200401191330.nc', '/gws/nopw/j04/cocoon/SSA_domain/ch9_wavelet/2004/01/200401191430.nc']
Missing required files for /gws/nopw/j04/cocoon/SSA_domain/ch9_wavelet/2004/01/200401191130.nc
{'year': '2004', 'month': '01', 'day': '19', 'hour': '11', 'minute': '45'}
['/gws/nopw/j04/cocoon/SSA_domain/ch9_wavelet/2004/01/200401190945.nc', '/gws/nopw/j04/cocoon/SSA_domain/ch9_wavelet/2004/01/200401191015.nc', '/gws/nopw/j04/cocoon/SSA_domain/ch9_wavelet/2004/01/200401191045.nc', '/gws/nopw/j04/cocoon/SSA_domain/ch9_wavelet/2004/01/200401191115.nc', '/gws/nopw/j04/cocoon/SSA_domain/ch9_wavelet/2004/01/200401191145.nc']
['/gws/nopw/j04/cocoon/SSA_domain/ch9_wavelet/2004/01/200401191215.nc', '/gws/nopw/j04/cocoon/SSA_domain/ch9_wavelet/2004/01/200401191245.nc', '/gws/nopw/j04/cocoon/SSA_domain/ch9_wavelet/2004/01/200401191315.nc', '/gws/nopw/j04/cocoon/SSA_domain/ch9_wavelet/2004/01/200401191345.nc', '/gws/nopw/j04/cocoon/SSA_domain/ch9_wavelet/2004/01/200401191445.nc']
Missing required files for /gws/nopw/j04/cocoon/SSA_domain/ch9_wavelet/2004/01/200401191145.nc
{'year': '2004', 'month': '01', 'day': '19', 'hour': '12', 'minute': '00'}
['/gws/nopw/j04/cocoon/SSA_domain/ch9_wavelet/2004/01/200401191000.nc', '/gws/nopw/j04/cocoon/SSA_domain/ch9_wavelet/2004/01/200401191030.nc', '/gws/nopw/j04/cocoon/SSA_domain/ch9_wavelet/2004/01/200401191100.nc', '/gws/nopw/j04/cocoon/SSA_domain/ch9_wavelet/2004/01/200401191130.nc', '/gws/nopw/j04/cocoon/SSA_domain/ch9_wavelet/2004/01/200401191200.nc']
['/gws/nopw/j04/cocoon/SSA_domain/ch9_wavelet/2004/01/200401191230.nc', '/gws/nopw/j04/cocoon/SSA_domain/ch9_wavelet/2004/01/200401191300.nc', '/gws/nopw/j04/cocoon/SSA_domain/ch9_wavelet/2004/01/200401191330.nc', '/gws/nopw/j04/cocoon/SSA_domain/ch9_wavelet/2004/01/200401191400.nc', '/gws/nopw/j04/cocoon/SSA_domain/ch9_wavelet/2004/01/200401191500.nc']
Missing required files for /gws/nopw/j04/cocoon/SSA_domain/ch9_wavelet/2004/01/200401191200.nc
{'year': '2004', 'month': '01', 'day': '19', 'hour': '12', 'minute': '15'}
['/gws/nopw/j04/cocoon/SSA_domain/ch9_wavelet/2004/01/200401191015.nc', '/gws/nopw/j04/cocoon/SSA_domain/ch9_wavelet/2004/01/200401191045.nc', '/gws/nopw/j04/cocoon/SSA_domain/ch9_wavelet/2004/01/200401191115.nc', '/gws/nopw/j04/cocoon/SSA_domain/ch9_wavelet/2004/01/200401191145.nc', '/gws/nopw/j04/cocoon/SSA_domain/ch9_wavelet/2004/01/200401191215.nc']
['/gws/nopw/j04/cocoon/SSA_domain/ch9_wavelet/2004/01/200401191245.nc', '/gws/nopw/j04/cocoon/SSA_domain/ch9_wavelet/2004/01/200401191315.nc', '/gws/nopw/j04/cocoon/SSA_domain/ch9_wavelet/2004/01/200401191345.nc', '/gws/nopw/j04/cocoon/SSA_domain/ch9_wavelet/2004/01/200401191415.nc', '/gws/nopw/j04/cocoon/SSA_domain/ch9_wavelet/2004/01/200401191515.nc']
Missing required files for /gws/nopw/j04/cocoon/SSA_domain/ch9_wavelet/2004/01/200401191215.nc
{'year': '2004', 'month': '01', 'day': '19', 'hour': '12', 'minute': '30'}
['/gws/nopw/j04/cocoon/SSA_domain/ch9_wavelet/2004/01/200401191030.nc', '/gws/nopw/j04/cocoon/SSA_domain/ch9_wavelet/2004/01/200401191100.nc', '/gws/nopw/j04/cocoon/SSA_domain/ch9_wavelet/2004/01/200401191130.nc', '/gws/nopw/j04/cocoon/SSA_domain/ch9_wavelet/2004/01/200401191200.nc', '/gws/nopw/j04/cocoon/SSA_domain/ch9_wavelet/2004/01/200401191230.nc']
['/gws/nopw/j04/cocoon/SSA_domain/ch9_wavelet/2004/01/200401191300.nc', '/gws/nopw/j04/cocoon/SSA_domain/ch9_wavelet/2004/01/200401191330.nc', '/gws/nopw/j04/cocoon/SSA_domain/ch9_wavelet/2004/01/200401191400.nc', '/gws/nopw/j04/cocoon/SSA_domain/ch9_wavelet/2004/01/200401191430.nc', '/gws/nopw/j04/cocoon/SSA_domain/ch9_wavelet/2004/01/200401191530.nc']
No core in the domain for 20040119_1230
{'year': '2004', 'month': '01', 'day': '19', 'hour': '12', 'minute': '45'}
['/gws/nopw/j04/cocoon/SSA_domain/ch9_wavelet/2004/01/200401191045.nc', '/gws/nopw/j04/cocoon/SSA_domain/ch9_wavelet/2004/01/200401191115.nc', '/gws/nopw/j04/cocoon/SSA_domain/ch9_wavelet/2004/01/200401191145.nc', '/gws/nopw/j04/cocoon/SSA_domain/ch9_wavelet/2004/01/200401191215.nc', '/gws/nopw/j04/cocoon/SSA_domain/ch9_wavelet/2004/01/200401191245.nc']
['/gws/nopw/j04/cocoon/SSA_domain/ch9_wavelet/2004/01/200401191315.nc', '/gws/nopw/j04/cocoon/SSA_domain/ch9_wavelet/2004/01/200401191345.nc', '/gws/nopw/j04/cocoon/SSA_domain/ch9_wavelet/2004/01/200401191415.nc', '/gws/nopw/j04/cocoon/SSA_domain/ch9_wavelet/2004/01/200401191445.nc', '/gws/nopw/j04/cocoon/SSA_domain/ch9_wavelet/2004/01/200401191545.nc']
No core in the domain for 20040119_1245
Job completed successfully.
