Scanning /gws/nopw/j04/cocoon/SSA_domain/ch9_wavelet/2024
26156
YEAR = 2024
Total files found: 26156
No core in the domain for 20240125_0645
No core in the domain for 20240125_0700
No core in the domain for 20240125_0715
No core in the domain for 20240125_0730
No core in the domain for 20240125_0745
No core in the domain for 20240125_0815
No core in the domain for 20240125_0845
No core in the domain for 20240125_0900
No core in the domain for 20240125_0915
No core in the domain for 20240125_0930
Incomplete lag sequence for 20240125_0945
Incomplete lag sequence for 20240125_1000
Incomplete lag sequence for 20240125_1015
Incomplete lag sequence for 20240125_1030
Incomplete lag sequence for 20240125_1045
Incomplete lag sequence for 20240125_1100
Incomplete lag sequence for 20240125_1115
Incomplete lag sequence for 20240125_1130
No core in the domain for 20240126_0530
No core in the domain for 20240126_0545
No core in the domain for 20240126_0600
No core in the domain for 20240126_0615
No core in the domain for 20240126_0630
No core in the domain for 20240126_0645
No core in the domain for 20240126_0700
No core in the domain for 20240126_0715
No core in the domain for 20240126_0730
No core in the domain for 20240126_0745
No core in the domain for 20240126_0800
No core in the domain for 20240126_0815
No core in the domain for 20240126_0830
No core in the domain for 20240126_0845
No core in the domain for 20240126_0900
No core in the domain for 20240126_0915
No core in the domain for 20240126_0930
No core in the domain for 20240126_0945
No core in the domain for 20240126_1000
No core in the domain for 20240126_1015
Incomplete lag sequence for 20240126_1030
Incomplete lag sequence for 20240126_1045
Incomplete lag sequence for 20240126_1100
Incomplete lag sequence for 20240126_1115
Incomplete lag sequence for 20240126_1130
Incomplete lag sequence for 20240126_1145
Incomplete lag sequence for 20240126_1200
No core in the domain for 20240127_0930
Incomplete lag sequence for 20240127_1000
Incomplete lag sequence for 20240127_1030
Incomplete lag sequence for 20240127_1100
Incomplete lag sequence for 20240127_1130
Missing required files for /gws/nopw/j04/cocoon/SSA_domain/ch9_wavelet/2024/02/202402230915.nc
Missing required files for /gws/nopw/j04/cocoon/SSA_domain/ch9_wavelet/2024/02/202402231015.nc
Missing required files for /gws/nopw/j04/cocoon/SSA_domain/ch9_wavelet/2024/02/202402231045.nc
Missing required files for /gws/nopw/j04/cocoon/SSA_domain/ch9_wavelet/2024/02/202402231115.nc
Missing required files for /gws/nopw/j04/cocoon/SSA_domain/ch9_wavelet/2024/02/202402231145.nc
Missing required files for /gws/nopw/j04/cocoon/SSA_domain/ch9_wavelet/2024/02/202402231245.nc
Missing required files for /gws/nopw/j04/cocoon/SSA_domain/ch9_wavelet/2024/02/202402231315.nc
Missing required files for /gws/nopw/j04/cocoon/SSA_domain/ch9_wavelet/2024/02/202402231345.nc
Missing required files for /gws/nopw/j04/cocoon/SSA_domain/ch9_wavelet/2024/02/202402231415.nc
Missing required files for /gws/nopw/j04/cocoon/SSA_domain/ch9_wavelet/2024/02/202402240915.nc
Missing required files for /gws/nopw/j04/cocoon/SSA_domain/ch9_wavelet/2024/02/202402241015.nc
Missing required files for /gws/nopw/j04/cocoon/SSA_domain/ch9_wavelet/2024/02/202402241045.nc
Missing required files for /gws/nopw/j04/cocoon/SSA_domain/ch9_wavelet/2024/02/202402241115.nc
Missing required files for /gws/nopw/j04/cocoon/SSA_domain/ch9_wavelet/2024/02/202402241145.nc
Missing required files for /gws/nopw/j04/cocoon/SSA_domain/ch9_wavelet/2024/02/202402241245.nc
Missing required files for /gws/nopw/j04/cocoon/SSA_domain/ch9_wavelet/2024/02/202402241315.nc
Missing required files for /gws/nopw/j04/cocoon/SSA_domain/ch9_wavelet/2024/02/202402241345.nc
Missing required files for /gws/nopw/j04/cocoon/SSA_domain/ch9_wavelet/2024/02/202402241415.nc
Missing required files for /gws/nopw/j04/cocoon/SSA_domain/ch9_wavelet/2024/02/202402250915.nc
Missing required files for /gws/nopw/j04/cocoon/SSA_domain/ch9_wavelet/2024/02/202402251015.nc
Missing required files for /gws/nopw/j04/cocoon/SSA_domain/ch9_wavelet/2024/02/202402251045.nc
Missing required files for /gws/nopw/j04/cocoon/SSA_domain/ch9_wavelet/2024/02/202402251115.nc
Missing required files for /gws/nopw/j04/cocoon/SSA_domain/ch9_wavelet/2024/02/202402251145.nc
Missing required files for /gws/nopw/j04/cocoon/SSA_domain/ch9_wavelet/2024/02/202402251245.nc
Missing required files for /gws/nopw/j04/cocoon/SSA_domain/ch9_wavelet/2024/02/202402251315.nc
Missing required files for /gws/nopw/j04/cocoon/SSA_domain/ch9_wavelet/2024/02/202402251345.nc
Missing required files for /gws/nopw/j04/cocoon/SSA_domain/ch9_wavelet/2024/02/202402251415.nc
Missing required files for /gws/nopw/j04/cocoon/SSA_domain/ch9_wavelet/2024/02/202402282100.nc
Missing required files for /gws/nopw/j04/cocoon/SSA_domain/ch9_wavelet/2024/02/202402282115.nc
Missing required files for /gws/nopw/j04/cocoon/SSA_domain/ch9_wavelet/2024/02/202402282130.nc
Missing required files for /gws/nopw/j04/cocoon/SSA_domain/ch9_wavelet/2024/02/202402282145.nc
Missing required files for /gws/nopw/j04/cocoon/SSA_domain/ch9_wavelet/2024/02/202402282200.nc
Missing required files for /gws/nopw/j04/cocoon/SSA_domain/ch9_wavelet/2024/02/202402282215.nc
Missing required files for /gws/nopw/j04/cocoon/SSA_domain/ch9_wavelet/2024/02/202402282230.nc
Missing required files for /gws/nopw/j04/cocoon/SSA_domain/ch9_wavelet/2024/02/202402282245.nc
Missing required files for /gws/nopw/j04/cocoon/SSA_domain/ch9_wavelet/2024/02/202402282300.nc
Missing required files for /gws/nopw/j04/cocoon/SSA_domain/ch9_wavelet/2024/02/202402282315.nc
Missing required files for /gws/nopw/j04/cocoon/SSA_domain/ch9_wavelet/2024/02/202402282330.nc
Missing required files for /gws/nopw/j04/cocoon/SSA_domain/ch9_wavelet/2024/02/202402282345.nc
Missing required files for /gws/nopw/j04/cocoon/SSA_domain/ch9_wavelet/2024/03/202403010000.nc
Missing required files for /gws/nopw/j04/cocoon/SSA_domain/ch9_wavelet/2024/03/202403010015.nc
Missing required files for /gws/nopw/j04/cocoon/SSA_domain/ch9_wavelet/2024/03/202403010030.nc
Missing required files for /gws/nopw/j04/cocoon/SSA_domain/ch9_wavelet/2024/03/202403010045.nc
Missing required files for /gws/nopw/j04/cocoon/SSA_domain/ch9_wavelet/2024/03/202403010100.nc
Missing required files for /gws/nopw/j04/cocoon/SSA_domain/ch9_wavelet/2024/03/202403010115.nc
Missing required files for /gws/nopw/j04/cocoon/SSA_domain/ch9_wavelet/2024/03/202403010130.nc
Missing required files for /gws/nopw/j04/cocoon/SSA_domain/ch9_wavelet/2024/03/202403010145.nc
Missing required files for /gws/nopw/j04/cocoon/SSA_domain/ch9_wavelet/2024/05/202405270445.nc
Missing required files for /gws/nopw/j04/cocoon/SSA_domain/ch9_wavelet/2024/05/202405270500.nc
Missing required files for /gws/nopw/j04/cocoon/SSA_domain/ch9_wavelet/2024/05/202405270545.nc
Missing required files for /gws/nopw/j04/cocoon/SSA_domain/ch9_wavelet/2024/05/202405270600.nc
Missing required files for /gws/nopw/j04/cocoon/SSA_domain/ch9_wavelet/2024/05/202405270615.nc
Missing required files for /gws/nopw/j04/cocoon/SSA_domain/ch9_wavelet/2024/05/202405270630.nc
Missing required files for /gws/nopw/j04/cocoon/SSA_domain/ch9_wavelet/2024/05/202405270645.nc
Missing required files for /gws/nopw/j04/cocoon/SSA_domain/ch9_wavelet/2024/05/202405270700.nc
Missing required files for /gws/nopw/j04/cocoon/SSA_domain/ch9_wavelet/2024/05/202405270715.nc
Missing required files for /gws/nopw/j04/cocoon/SSA_domain/ch9_wavelet/2024/05/202405270730.nc
Missing required files for /gws/nopw/j04/cocoon/SSA_domain/ch9_wavelet/2024/05/202405270815.nc
Missing required files for /gws/nopw/j04/cocoon/SSA_domain/ch9_wavelet/2024/05/202405270830.nc
Missing required files for /gws/nopw/j04/cocoon/SSA_domain/ch9_wavelet/2024/05/202405270845.nc
Missing required files for /gws/nopw/j04/cocoon/SSA_domain/ch9_wavelet/2024/05/202405270900.nc
Missing required files for /gws/nopw/j04/cocoon/SSA_domain/ch9_wavelet/2024/05/202405270915.nc
Missing required files for /gws/nopw/j04/cocoon/SSA_domain/ch9_wavelet/2024/05/202405270930.nc
Missing required files for /gws/nopw/j04/cocoon/SSA_domain/ch9_wavelet/2024/05/202405270945.nc
Missing required files for /gws/nopw/j04/cocoon/SSA_domain/ch9_wavelet/2024/05/202405271000.nc
No core in the domain for 20240612_0645
No core in the domain for 20240612_0700
Incomplete lag sequence for 20240612_0715
Incomplete lag sequence for 20240612_0730
Incomplete lag sequence for 20240612_0745
Incomplete lag sequence for 20240612_0800
Incomplete lag sequence for 20240612_0815
Incomplete lag sequence for 20240612_0830
No core in the domain for 20240612_0845
No core in the domain for 20240612_0900
No core in the domain for 20240612_0915
No core in the domain for 20240612_0930
No core in the domain for 20240612_0945
Incomplete lag sequence for 20240612_1000
Incomplete lag sequence for 20240612_1015
Incomplete lag sequence for 20240612_1030
Incomplete lag sequence for 20240612_1045
Incomplete lag sequence for 20240612_1100
Incomplete lag sequence for 20240612_1115
Incomplete lag sequence for 20240612_1130
Incomplete lag sequence for 20240612_1145
Missing required files for /gws/nopw/j04/cocoon/SSA_domain/ch9_wavelet/2024/06/202406270400.nc
Missing required files for /gws/nopw/j04/cocoon/SSA_domain/ch9_wavelet/2024/06/202406270415.nc
Missing required files for /gws/nopw/j04/cocoon/SSA_domain/ch9_wavelet/2024/06/202406270500.nc
Missing required files for /gws/nopw/j04/cocoon/SSA_domain/ch9_wavelet/2024/06/202406270515.nc
Missing required files for /gws/nopw/j04/cocoon/SSA_domain/ch9_wavelet/2024/06/202406270530.nc
Missing required files for /gws/nopw/j04/cocoon/SSA_domain/ch9_wavelet/2024/06/202406270545.nc
Missing required files for /gws/nopw/j04/cocoon/SSA_domain/ch9_wavelet/2024/06/202406270600.nc
Missing required files for /gws/nopw/j04/cocoon/SSA_domain/ch9_wavelet/2024/06/202406270615.nc
Missing required files for /gws/nopw/j04/cocoon/SSA_domain/ch9_wavelet/2024/06/202406270630.nc
Missing required files for /gws/nopw/j04/cocoon/SSA_domain/ch9_wavelet/2024/06/202406270645.nc
Missing required files for /gws/nopw/j04/cocoon/SSA_domain/ch9_wavelet/2024/06/202406270730.nc
Missing required files for /gws/nopw/j04/cocoon/SSA_domain/ch9_wavelet/2024/06/202406270745.nc
Missing required files for /gws/nopw/j04/cocoon/SSA_domain/ch9_wavelet/2024/06/202406270800.nc
Missing required files for /gws/nopw/j04/cocoon/SSA_domain/ch9_wavelet/2024/06/202406270815.nc
Missing required files for /gws/nopw/j04/cocoon/SSA_domain/ch9_wavelet/2024/06/202406270830.nc
Missing required files for /gws/nopw/j04/cocoon/SSA_domain/ch9_wavelet/2024/06/202406270845.nc
Missing required files for /gws/nopw/j04/cocoon/SSA_domain/ch9_wavelet/2024/06/202406270900.nc
Missing required files for /gws/nopw/j04/cocoon/SSA_domain/ch9_wavelet/2024/06/202406270915.nc
Missing required files for /gws/nopw/j04/cocoon/SSA_domain/ch9_wavelet/2024/07/202407120615.nc
Missing required files for /gws/nopw/j04/cocoon/SSA_domain/ch9_wavelet/2024/07/202407120715.nc
Missing required files for /gws/nopw/j04/cocoon/SSA_domain/ch9_wavelet/2024/07/202407120745.nc
Missing required files for /gws/nopw/j04/cocoon/SSA_domain/ch9_wavelet/2024/07/202407120815.nc
Missing required files for /gws/nopw/j04/cocoon/SSA_domain/ch9_wavelet/2024/07/202407120845.nc
Missing required files for /gws/nopw/j04/cocoon/SSA_domain/ch9_wavelet/2024/07/202407120945.nc
Missing required files for /gws/nopw/j04/cocoon/SSA_domain/ch9_wavelet/2024/07/202407121015.nc
Missing required files for /gws/nopw/j04/cocoon/SSA_domain/ch9_wavelet/2024/07/202407121045.nc
Missing required files for /gws/nopw/j04/cocoon/SSA_domain/ch9_wavelet/2024/07/202407121115.nc
Missing required files for /gws/nopw/j04/cocoon/SSA_domain/ch9_wavelet/2024/08/202408050615.nc
Missing required files for /gws/nopw/j04/cocoon/SSA_domain/ch9_wavelet/2024/08/202408050715.nc
Missing required files for /gws/nopw/j04/cocoon/SSA_domain/ch9_wavelet/2024/08/202408050745.nc
Missing required files for /gws/nopw/j04/cocoon/SSA_domain/ch9_wavelet/2024/08/202408050815.nc
Missing required files for /gws/nopw/j04/cocoon/SSA_domain/ch9_wavelet/2024/08/202408050845.nc
No core in the domain for 20240805_0930
Missing required files for /gws/nopw/j04/cocoon/SSA_domain/ch9_wavelet/2024/08/202408050945.nc
No core in the domain for 20240805_1000
Missing required files for /gws/nopw/j04/cocoon/SSA_domain/ch9_wavelet/2024/08/202408051015.nc
Missing required files for /gws/nopw/j04/cocoon/SSA_domain/ch9_wavelet/2024/08/202408051045.nc
Missing required files for /gws/nopw/j04/cocoon/SSA_domain/ch9_wavelet/2024/08/202408051115.nc
Missing required files for /gws/nopw/j04/cocoon/SSA_domain/ch9_wavelet/2024/08/202408170945.nc
Missing required files for /gws/nopw/j04/cocoon/SSA_domain/ch9_wavelet/2024/08/202408171000.nc
Missing required files for /gws/nopw/j04/cocoon/SSA_domain/ch9_wavelet/2024/08/202408171015.nc
Missing required files for /gws/nopw/j04/cocoon/SSA_domain/ch9_wavelet/2024/08/202408171030.nc
Missing required files for /gws/nopw/j04/cocoon/SSA_domain/ch9_wavelet/2024/08/202408171045.nc
Missing required files for /gws/nopw/j04/cocoon/SSA_domain/ch9_wavelet/2024/08/202408171100.nc
Missing required files for /gws/nopw/j04/cocoon/SSA_domain/ch9_wavelet/2024/08/202408171115.nc
Missing required files for /gws/nopw/j04/cocoon/SSA_domain/ch9_wavelet/2024/08/202408171130.nc
Missing required files for /gws/nopw/j04/cocoon/SSA_domain/ch9_wavelet/2024/08/202408171145.nc
Missing required files for /gws/nopw/j04/cocoon/SSA_domain/ch9_wavelet/2024/08/202408171200.nc
Missing required files for /gws/nopw/j04/cocoon/SSA_domain/ch9_wavelet/2024/08/202408171215.nc
Missing required files for /gws/nopw/j04/cocoon/SSA_domain/ch9_wavelet/2024/08/202408171230.nc
Missing required files for /gws/nopw/j04/cocoon/SSA_domain/ch9_wavelet/2024/08/202408171700.nc
Missing required files for /gws/nopw/j04/cocoon/SSA_domain/ch9_wavelet/2024/08/202408171715.nc
Missing required files for /gws/nopw/j04/cocoon/SSA_domain/ch9_wavelet/2024/08/202408171730.nc
Missing required files for /gws/nopw/j04/cocoon/SSA_domain/ch9_wavelet/2024/08/202408171745.nc
Missing required files for /gws/nopw/j04/cocoon/SSA_domain/ch9_wavelet/2024/08/202408171800.nc
Missing required files for /gws/nopw/j04/cocoon/SSA_domain/ch9_wavelet/2024/08/202408171815.nc
Missing required files for /gws/nopw/j04/cocoon/SSA_domain/ch9_wavelet/2024/08/202408171830.nc
Missing required files for /gws/nopw/j04/cocoon/SSA_domain/ch9_wavelet/2024/08/202408171845.nc
Missing required files for /gws/nopw/j04/cocoon/SSA_domain/ch9_wavelet/2024/08/202408312115.nc
Missing required files for /gws/nopw/j04/cocoon/SSA_domain/ch9_wavelet/2024/08/202408312215.nc
Missing required files for /gws/nopw/j04/cocoon/SSA_domain/ch9_wavelet/2024/08/202408312230.nc
Missing required files for /gws/nopw/j04/cocoon/SSA_domain/ch9_wavelet/2024/08/202408312245.nc
Missing required files for /gws/nopw/j04/cocoon/SSA_domain/ch9_wavelet/2024/08/202408312315.nc
Missing required files for /gws/nopw/j04/cocoon/SSA_domain/ch9_wavelet/2024/08/202408312330.nc
Missing required files for /gws/nopw/j04/cocoon/SSA_domain/ch9_wavelet/2024/08/202408312345.nc
Missing required files for /gws/nopw/j04/cocoon/SSA_domain/ch9_wavelet/2024/09/202409010000.nc
Missing required files for /gws/nopw/j04/cocoon/SSA_domain/ch9_wavelet/2024/09/202409010030.nc
Missing required files for /gws/nopw/j04/cocoon/SSA_domain/ch9_wavelet/2024/09/202409010045.nc
Missing required files for /gws/nopw/j04/cocoon/SSA_domain/ch9_wavelet/2024/09/202409010100.nc
Missing required files for /gws/nopw/j04/cocoon/SSA_domain/ch9_wavelet/2024/09/202409010115.nc
Missing required files for /gws/nopw/j04/cocoon/SSA_domain/ch9_wavelet/2024/09/202409010145.nc
Missing required files for /gws/nopw/j04/cocoon/SSA_domain/ch9_wavelet/2024/09/202409010200.nc
Missing required files for /gws/nopw/j04/cocoon/SSA_domain/ch9_wavelet/2024/09/202409010215.nc
Missing required files for /gws/nopw/j04/cocoon/SSA_domain/ch9_wavelet/2024/09/202409010230.nc
Missing required files for /gws/nopw/j04/cocoon/SSA_domain/ch9_wavelet/2024/09/202409010245.nc
Missing required files for /gws/nopw/j04/cocoon/SSA_domain/ch9_wavelet/2024/09/202409010300.nc
Missing required files for /gws/nopw/j04/cocoon/SSA_domain/ch9_wavelet/2024/09/202409010315.nc
Missing required files for /gws/nopw/j04/cocoon/SSA_domain/ch9_wavelet/2024/09/202409010330.nc
Missing required files for /gws/nopw/j04/cocoon/SSA_domain/ch9_wavelet/2024/09/202409010345.nc
Missing required files for /gws/nopw/j04/cocoon/SSA_domain/ch9_wavelet/2024/09/202409010400.nc
Missing required files for /gws/nopw/j04/cocoon/SSA_domain/ch9_wavelet/2024/09/202409010415.nc
Missing required files for /gws/nopw/j04/cocoon/SSA_domain/ch9_wavelet/2024/09/202409010430.nc
Missing required files for /gws/nopw/j04/cocoon/SSA_domain/ch9_wavelet/2024/09/202409010500.nc
Missing required files for /gws/nopw/j04/cocoon/SSA_domain/ch9_wavelet/2024/09/202409010515.nc
Missing required files for /gws/nopw/j04/cocoon/SSA_domain/ch9_wavelet/2024/09/202409010545.nc
Missing required files for /gws/nopw/j04/cocoon/SSA_domain/ch9_wavelet/2024/09/202409010600.nc
Missing required files for /gws/nopw/j04/cocoon/SSA_domain/ch9_wavelet/2024/09/202409010630.nc
Missing required files for /gws/nopw/j04/cocoon/SSA_domain/ch9_wavelet/2024/09/202409010645.nc
Missing required files for /gws/nopw/j04/cocoon/SSA_domain/ch9_wavelet/2024/09/202409010730.nc
Missing required files for /gws/nopw/j04/cocoon/SSA_domain/ch9_wavelet/2024/09/202409010800.nc
Missing required files for /gws/nopw/j04/cocoon/SSA_domain/ch9_wavelet/2024/09/202409010815.nc
Missing required files for /gws/nopw/j04/cocoon/SSA_domain/ch9_wavelet/2024/09/202409010830.nc
Missing required files for /gws/nopw/j04/cocoon/SSA_domain/ch9_wavelet/2024/09/202409010845.nc
Missing required files for /gws/nopw/j04/cocoon/SSA_domain/ch9_wavelet/2024/09/202409010900.nc
Missing required files for /gws/nopw/j04/cocoon/SSA_domain/ch9_wavelet/2024/09/202409010930.nc
Missing required files for /gws/nopw/j04/cocoon/SSA_domain/ch9_wavelet/2024/09/202409011000.nc
Missing required files for /gws/nopw/j04/cocoon/SSA_domain/ch9_wavelet/2024/09/202409011015.nc
Missing required files for /gws/nopw/j04/cocoon/SSA_domain/ch9_wavelet/2024/09/202409011100.nc
Missing required files for /gws/nopw/j04/cocoon/SSA_domain/ch9_wavelet/2024/09/202409011115.nc
Missing required files for /gws/nopw/j04/cocoon/SSA_domain/ch9_wavelet/2024/09/202409011130.nc
Missing required files for /gws/nopw/j04/cocoon/SSA_domain/ch9_wavelet/2024/09/202409011200.nc
Missing required files for /gws/nopw/j04/cocoon/SSA_domain/ch9_wavelet/2024/09/202409011215.nc
Missing required files for /gws/nopw/j04/cocoon/SSA_domain/ch9_wavelet/2024/09/202409011230.nc
Missing required files for /gws/nopw/j04/cocoon/SSA_domain/ch9_wavelet/2024/09/202409011245.nc
Missing required files for /gws/nopw/j04/cocoon/SSA_domain/ch9_wavelet/2024/09/202409011300.nc
Missing required files for /gws/nopw/j04/cocoon/SSA_domain/ch9_wavelet/2024/09/202409011400.nc
Missing required files for /gws/nopw/j04/cocoon/SSA_domain/ch9_wavelet/2024/09/202409011445.nc
Missing required files for /gws/nopw/j04/cocoon/SSA_domain/ch9_wavelet/2024/09/202409011500.nc
Missing required files for /gws/nopw/j04/cocoon/SSA_domain/ch9_wavelet/2024/09/202409011515.nc
Missing required files for /gws/nopw/j04/cocoon/SSA_domain/ch9_wavelet/2024/09/202409011530.nc
Missing required files for /gws/nopw/j04/cocoon/SSA_domain/ch9_wavelet/2024/09/202409011545.nc
Missing required files for /gws/nopw/j04/cocoon/SSA_domain/ch9_wavelet/2024/09/202409011600.nc
Missing required files for /gws/nopw/j04/cocoon/SSA_domain/ch9_wavelet/2024/09/202409011615.nc
Missing required files for /gws/nopw/j04/cocoon/SSA_domain/ch9_wavelet/2024/09/202409011630.nc
Missing required files for /gws/nopw/j04/cocoon/SSA_domain/ch9_wavelet/2024/09/202409011700.nc
Missing required files for /gws/nopw/j04/cocoon/SSA_domain/ch9_wavelet/2024/09/202409011715.nc
Missing required files for /gws/nopw/j04/cocoon/SSA_domain/ch9_wavelet/2024/09/202409011730.nc
Missing required files for /gws/nopw/j04/cocoon/SSA_domain/ch9_wavelet/2024/09/202409011745.nc
Missing required files for /gws/nopw/j04/cocoon/SSA_domain/ch9_wavelet/2024/09/202409011800.nc
Missing required files for /gws/nopw/j04/cocoon/SSA_domain/ch9_wavelet/2024/09/202409011815.nc
Missing required files for /gws/nopw/j04/cocoon/SSA_domain/ch9_wavelet/2024/09/202409011845.nc
Missing required files for /gws/nopw/j04/cocoon/SSA_domain/ch9_wavelet/2024/09/202409011900.nc
Missing required files for /gws/nopw/j04/cocoon/SSA_domain/ch9_wavelet/2024/09/202409011915.nc
Missing required files for /gws/nopw/j04/cocoon/SSA_domain/ch9_wavelet/2024/09/202409011930.nc
Missing required files for /gws/nopw/j04/cocoon/SSA_domain/ch9_wavelet/2024/09/202409011945.nc
Missing required files for /gws/nopw/j04/cocoon/SSA_domain/ch9_wavelet/2024/09/202409012015.nc
Missing required files for /gws/nopw/j04/cocoon/SSA_domain/ch9_wavelet/2024/09/202409012045.nc
Missing required files for /gws/nopw/j04/cocoon/SSA_domain/ch9_wavelet/2024/09/202409012100.nc
Missing required files for /gws/nopw/j04/cocoon/SSA_domain/ch9_wavelet/2024/09/202409012130.nc
Missing required files for /gws/nopw/j04/cocoon/SSA_domain/ch9_wavelet/2024/09/202409012145.nc
Missing required files for /gws/nopw/j04/cocoon/SSA_domain/ch9_wavelet/2024/09/202409012200.nc
Missing required files for /gws/nopw/j04/cocoon/SSA_domain/ch9_wavelet/2024/09/202409012215.nc
Missing required files for /gws/nopw/j04/cocoon/SSA_domain/ch9_wavelet/2024/09/202409012230.nc
Missing required files for /gws/nopw/j04/cocoon/SSA_domain/ch9_wavelet/2024/09/202409012245.nc
Missing required files for /gws/nopw/j04/cocoon/SSA_domain/ch9_wavelet/2024/09/202409012345.nc
Missing required files for /gws/nopw/j04/cocoon/SSA_domain/ch9_wavelet/2024/09/202409020000.nc
Missing required files for /gws/nopw/j04/cocoon/SSA_domain/ch9_wavelet/2024/09/202409020015.nc
Missing required files for /gws/nopw/j04/cocoon/SSA_domain/ch9_wavelet/2024/09/202409020030.nc
Missing required files for /gws/nopw/j04/cocoon/SSA_domain/ch9_wavelet/2024/09/202409020045.nc
Missing required files for /gws/nopw/j04/cocoon/SSA_domain/ch9_wavelet/2024/09/202409020100.nc
Missing required files for /gws/nopw/j04/cocoon/SSA_domain/ch9_wavelet/2024/09/202409020115.nc
Missing required files for /gws/nopw/j04/cocoon/SSA_domain/ch9_wavelet/2024/09/202409020130.nc
No core in the domain for 20240907_0815
No core in the domain for 20240922_0915
Saved input tensor: /gws/nopw/j04/wiser_ewsa/mrakotomanga/pancast/raw/inputs_t0/input-20240928_1730.pt
Saved 5 targets for 20240928_1730
Saved input tensor: /gws/nopw/j04/wiser_ewsa/mrakotomanga/pancast/raw/inputs_t0/input-20240928_1745.pt
Saved 5 targets for 20240928_1745
Saved input tensor: /gws/nopw/j04/wiser_ewsa/mrakotomanga/pancast/raw/inputs_t0/input-20240928_1800.pt
Saved 5 targets for 20240928_1800
Saved input tensor: /gws/nopw/j04/wiser_ewsa/mrakotomanga/pancast/raw/inputs_t0/input-20240928_1815.pt
Saved 5 targets for 20240928_1815
Saved input tensor: /gws/nopw/j04/wiser_ewsa/mrakotomanga/pancast/raw/inputs_t0/input-20240928_1830.pt
Saved 5 targets for 20240928_1830
Saved input tensor: /gws/nopw/j04/wiser_ewsa/mrakotomanga/pancast/raw/inputs_t0/input-20240928_1845.pt
Saved 5 targets for 20240928_1845
Saved input tensor: /gws/nopw/j04/wiser_ewsa/mrakotomanga/pancast/raw/inputs_t0/input-20240928_1900.pt
Saved 5 targets for 20240928_1900
Saved input tensor: /gws/nopw/j04/wiser_ewsa/mrakotomanga/pancast/raw/inputs_t0/input-20240928_1915.pt
Saved 5 targets for 20240928_1915
Saved input tensor: /gws/nopw/j04/wiser_ewsa/mrakotomanga/pancast/raw/inputs_t0/input-20240928_1930.pt
Saved 5 targets for 20240928_1930
Saved input tensor: /gws/nopw/j04/wiser_ewsa/mrakotomanga/pancast/raw/inputs_t0/input-20240928_1945.pt
Saved 5 targets for 20240928_1945
Saved input tensor: /gws/nopw/j04/wiser_ewsa/mrakotomanga/pancast/raw/inputs_t0/input-20240928_2000.pt
Saved 5 targets for 20240928_2000
Saved input tensor: /gws/nopw/j04/wiser_ewsa/mrakotomanga/pancast/raw/inputs_t0/input-20240928_2015.pt
Saved 5 targets for 20240928_2015
Saved input tensor: /gws/nopw/j04/wiser_ewsa/mrakotomanga/pancast/raw/inputs_t0/input-20240928_2030.pt
Saved 5 targets for 20240928_2030
Saved input tensor: /gws/nopw/j04/wiser_ewsa/mrakotomanga/pancast/raw/inputs_t0/input-20240928_2045.pt
Saved 5 targets for 20240928_2045
Saved input tensor: /gws/nopw/j04/wiser_ewsa/mrakotomanga/pancast/raw/inputs_t0/input-20240928_2100.pt
Saved 5 targets for 20240928_2100
Saved input tensor: /gws/nopw/j04/wiser_ewsa/mrakotomanga/pancast/raw/inputs_t0/input-20240928_2115.pt
Saved 5 targets for 20240928_2115
Saved input tensor: /gws/nopw/j04/wiser_ewsa/mrakotomanga/pancast/raw/inputs_t0/input-20240928_2130.pt
Saved 5 targets for 20240928_2130
Saved input tensor: /gws/nopw/j04/wiser_ewsa/mrakotomanga/pancast/raw/inputs_t0/input-20240928_2145.pt
Saved 5 targets for 20240928_2145
Saved input tensor: /gws/nopw/j04/wiser_ewsa/mrakotomanga/pancast/raw/inputs_t0/input-20240928_2200.pt
Saved 5 targets for 20240928_2200
Saved input tensor: /gws/nopw/j04/wiser_ewsa/mrakotomanga/pancast/raw/inputs_t0/input-20240928_2215.pt
Saved 5 targets for 20240928_2215
Saved input tensor: /gws/nopw/j04/wiser_ewsa/mrakotomanga/pancast/raw/inputs_t0/input-20240928_2230.pt
Saved 5 targets for 20240928_2230
Saved input tensor: /gws/nopw/j04/wiser_ewsa/mrakotomanga/pancast/raw/inputs_t0/input-20240928_2245.pt
Saved 5 targets for 20240928_2245
Saved input tensor: /gws/nopw/j04/wiser_ewsa/mrakotomanga/pancast/raw/inputs_t0/input-20240928_2300.pt
Saved 5 targets for 20240928_2300
Saved input tensor: /gws/nopw/j04/wiser_ewsa/mrakotomanga/pancast/raw/inputs_t0/input-20240928_2315.pt
Saved 5 targets for 20240928_2315
Saved input tensor: /gws/nopw/j04/wiser_ewsa/mrakotomanga/pancast/raw/inputs_t0/input-20240928_2330.pt
Saved 5 targets for 20240928_2330
Saved input tensor: /gws/nopw/j04/wiser_ewsa/mrakotomanga/pancast/raw/inputs_t0/input-20240928_2345.pt
Saved 5 targets for 20240928_2345
Saved input tensor: /gws/nopw/j04/wiser_ewsa/mrakotomanga/pancast/raw/inputs_t0/input-20240929_0000.pt
Saved 5 targets for 20240929_0000
Saved input tensor: /gws/nopw/j04/wiser_ewsa/mrakotomanga/pancast/raw/inputs_t0/input-20240929_0015.pt
Saved 5 targets for 20240929_0015
Saved input tensor: /gws/nopw/j04/wiser_ewsa/mrakotomanga/pancast/raw/inputs_t0/input-20240929_0030.pt
Saved 5 targets for 20240929_0030
Saved input tensor: /gws/nopw/j04/wiser_ewsa/mrakotomanga/pancast/raw/inputs_t0/input-20240929_0045.pt
Saved 5 targets for 20240929_0045
Saved input tensor: /gws/nopw/j04/wiser_ewsa/mrakotomanga/pancast/raw/inputs_t0/input-20240929_0100.pt
Saved 5 targets for 20240929_0100
Saved input tensor: /gws/nopw/j04/wiser_ewsa/mrakotomanga/pancast/raw/inputs_t0/input-20240929_0115.pt
Saved 5 targets for 20240929_0115
Saved input tensor: /gws/nopw/j04/wiser_ewsa/mrakotomanga/pancast/raw/inputs_t0/input-20240929_0130.pt
Saved 5 targets for 20240929_0130
Saved input tensor: /gws/nopw/j04/wiser_ewsa/mrakotomanga/pancast/raw/inputs_t0/input-20240929_0145.pt
Saved 5 targets for 20240929_0145
Saved input tensor: /gws/nopw/j04/wiser_ewsa/mrakotomanga/pancast/raw/inputs_t0/input-20240929_0200.pt
Saved 5 targets for 20240929_0200
Saved input tensor: /gws/nopw/j04/wiser_ewsa/mrakotomanga/pancast/raw/inputs_t0/input-20240929_0215.pt
Saved 5 targets for 20240929_0215
Saved input tensor: /gws/nopw/j04/wiser_ewsa/mrakotomanga/pancast/raw/inputs_t0/input-20240929_0230.pt
Saved 5 targets for 20240929_0230
Saved input tensor: /gws/nopw/j04/wiser_ewsa/mrakotomanga/pancast/raw/inputs_t0/input-20240929_0245.pt
Saved 5 targets for 20240929_0245
Saved input tensor: /gws/nopw/j04/wiser_ewsa/mrakotomanga/pancast/raw/inputs_t0/input-20240929_0300.pt
Saved 5 targets for 20240929_0300
Saved input tensor: /gws/nopw/j04/wiser_ewsa/mrakotomanga/pancast/raw/inputs_t0/input-20240929_0315.pt
Saved 5 targets for 20240929_0315
Saved input tensor: /gws/nopw/j04/wiser_ewsa/mrakotomanga/pancast/raw/inputs_t0/input-20240929_0330.pt
Saved 5 targets for 20240929_0330
Saved input tensor: /gws/nopw/j04/wiser_ewsa/mrakotomanga/pancast/raw/inputs_t0/input-20240929_0345.pt
Saved 5 targets for 20240929_0345
Saved input tensor: /gws/nopw/j04/wiser_ewsa/mrakotomanga/pancast/raw/inputs_t0/input-20240929_0400.pt
Saved 5 targets for 20240929_0400
Saved input tensor: /gws/nopw/j04/wiser_ewsa/mrakotomanga/pancast/raw/inputs_t0/input-20240929_0415.pt
Saved 5 targets for 20240929_0415
Saved input tensor: /gws/nopw/j04/wiser_ewsa/mrakotomanga/pancast/raw/inputs_t0/input-20240929_0430.pt
Saved 5 targets for 20240929_0430
Saved input tensor: /gws/nopw/j04/wiser_ewsa/mrakotomanga/pancast/raw/inputs_t0/input-20240929_0445.pt
Saved 5 targets for 20240929_0445
Saved input tensor: /gws/nopw/j04/wiser_ewsa/mrakotomanga/pancast/raw/inputs_t0/input-20240929_0500.pt
Saved 5 targets for 20240929_0500
Saved input tensor: /gws/nopw/j04/wiser_ewsa/mrakotomanga/pancast/raw/inputs_t0/input-20240929_0515.pt
Saved 5 targets for 20240929_0515
Saved input tensor: /gws/nopw/j04/wiser_ewsa/mrakotomanga/pancast/raw/inputs_t0/input-20240929_0530.pt
Saved 5 targets for 20240929_0530
Saved input tensor: /gws/nopw/j04/wiser_ewsa/mrakotomanga/pancast/raw/inputs_t0/input-20240929_0545.pt
Saved 5 targets for 20240929_0545
Saved input tensor: /gws/nopw/j04/wiser_ewsa/mrakotomanga/pancast/raw/inputs_t0/input-20240929_0600.pt
Saved 5 targets for 20240929_0600
Saved input tensor: /gws/nopw/j04/wiser_ewsa/mrakotomanga/pancast/raw/inputs_t0/input-20240929_0615.pt
Saved 5 targets for 20240929_0615
Saved input tensor: /gws/nopw/j04/wiser_ewsa/mrakotomanga/pancast/raw/inputs_t0/input-20240929_0630.pt
Saved 5 targets for 20240929_0630
Saved input tensor: /gws/nopw/j04/wiser_ewsa/mrakotomanga/pancast/raw/inputs_t0/input-20240929_0645.pt
Saved 5 targets for 20240929_0645
Saved input tensor: /gws/nopw/j04/wiser_ewsa/mrakotomanga/pancast/raw/inputs_t0/input-20240929_0700.pt
Saved 5 targets for 20240929_0700
Saved input tensor: /gws/nopw/j04/wiser_ewsa/mrakotomanga/pancast/raw/inputs_t0/input-20240929_0715.pt
Saved 5 targets for 20240929_0715
Saved input tensor: /gws/nopw/j04/wiser_ewsa/mrakotomanga/pancast/raw/inputs_t0/input-20240929_0730.pt
Saved 5 targets for 20240929_0730
Saved input tensor: /gws/nopw/j04/wiser_ewsa/mrakotomanga/pancast/raw/inputs_t0/input-20240929_0745.pt
Saved 5 targets for 20240929_0745
Saved input tensor: /gws/nopw/j04/wiser_ewsa/mrakotomanga/pancast/raw/inputs_t0/input-20240929_0800.pt
Saved 5 targets for 20240929_0800
Saved input tensor: /gws/nopw/j04/wiser_ewsa/mrakotomanga/pancast/raw/inputs_t0/input-20240929_0815.pt
Saved 5 targets for 20240929_0815
Saved input tensor: /gws/nopw/j04/wiser_ewsa/mrakotomanga/pancast/raw/inputs_t0/input-20240929_0830.pt
Saved 5 targets for 20240929_0830
Saved input tensor: /gws/nopw/j04/wiser_ewsa/mrakotomanga/pancast/raw/inputs_t0/input-20240929_0845.pt
Saved 5 targets for 20240929_0845
Saved input tensor: /gws/nopw/j04/wiser_ewsa/mrakotomanga/pancast/raw/inputs_t0/input-20240929_0900.pt
Saved 5 targets for 20240929_0900
Saved input tensor: /gws/nopw/j04/wiser_ewsa/mrakotomanga/pancast/raw/inputs_t0/input-20240929_0915.pt
Saved 5 targets for 20240929_0915
Saved input tensor: /gws/nopw/j04/wiser_ewsa/mrakotomanga/pancast/raw/inputs_t0/input-20240929_0930.pt
Saved 5 targets for 20240929_0930
Saved input tensor: /gws/nopw/j04/wiser_ewsa/mrakotomanga/pancast/raw/inputs_t0/input-20240929_0945.pt
Saved 5 targets for 20240929_0945
Saved input tensor: /gws/nopw/j04/wiser_ewsa/mrakotomanga/pancast/raw/inputs_t0/input-20240929_1000.pt
Saved 5 targets for 20240929_1000
Saved input tensor: /gws/nopw/j04/wiser_ewsa/mrakotomanga/pancast/raw/inputs_t0/input-20240929_1015.pt
Saved 5 targets for 20240929_1015
Saved input tensor: /gws/nopw/j04/wiser_ewsa/mrakotomanga/pancast/raw/inputs_t0/input-20240929_1030.pt
Saved 5 targets for 20240929_1030
Saved input tensor: /gws/nopw/j04/wiser_ewsa/mrakotomanga/pancast/raw/inputs_t0/input-20240929_1045.pt
Saved 5 targets for 20240929_1045
Saved input tensor: /gws/nopw/j04/wiser_ewsa/mrakotomanga/pancast/raw/inputs_t0/input-20240929_1100.pt
Saved 5 targets for 20240929_1100
Saved input tensor: /gws/nopw/j04/wiser_ewsa/mrakotomanga/pancast/raw/inputs_t0/input-20240929_1115.pt
Saved 5 targets for 20240929_1115
Saved input tensor: /gws/nopw/j04/wiser_ewsa/mrakotomanga/pancast/raw/inputs_t0/input-20240929_1130.pt
Saved 5 targets for 20240929_1130
Saved input tensor: /gws/nopw/j04/wiser_ewsa/mrakotomanga/pancast/raw/inputs_t0/input-20240929_1145.pt
Saved 5 targets for 20240929_1145
Saved input tensor: /gws/nopw/j04/wiser_ewsa/mrakotomanga/pancast/raw/inputs_t0/input-20240929_1200.pt
Saved 5 targets for 20240929_1200
Saved input tensor: /gws/nopw/j04/wiser_ewsa/mrakotomanga/pancast/raw/inputs_t0/input-20240929_1215.pt
Saved 5 targets for 20240929_1215
Saved input tensor: /gws/nopw/j04/wiser_ewsa/mrakotomanga/pancast/raw/inputs_t0/input-20240929_1230.pt
Saved 5 targets for 20240929_1230
Saved input tensor: /gws/nopw/j04/wiser_ewsa/mrakotomanga/pancast/raw/inputs_t0/input-20240929_1245.pt
Saved 5 targets for 20240929_1245
Saved input tensor: /gws/nopw/j04/wiser_ewsa/mrakotomanga/pancast/raw/inputs_t0/input-20240929_1300.pt
Saved 5 targets for 20240929_1300
Saved input tensor: /gws/nopw/j04/wiser_ewsa/mrakotomanga/pancast/raw/inputs_t0/input-20240929_1315.pt
Saved 5 targets for 20240929_1315
Saved input tensor: /gws/nopw/j04/wiser_ewsa/mrakotomanga/pancast/raw/inputs_t0/input-20240929_1330.pt
Saved 5 targets for 20240929_1330
Saved input tensor: /gws/nopw/j04/wiser_ewsa/mrakotomanga/pancast/raw/inputs_t0/input-20240929_1345.pt
Saved 5 targets for 20240929_1345
Saved input tensor: /gws/nopw/j04/wiser_ewsa/mrakotomanga/pancast/raw/inputs_t0/input-20240929_1400.pt
Saved 5 targets for 20240929_1400
Saved input tensor: /gws/nopw/j04/wiser_ewsa/mrakotomanga/pancast/raw/inputs_t0/input-20240929_1415.pt
Saved 5 targets for 20240929_1415
Saved input tensor: /gws/nopw/j04/wiser_ewsa/mrakotomanga/pancast/raw/inputs_t0/input-20240929_1430.pt
Saved 5 targets for 20240929_1430
Saved input tensor: /gws/nopw/j04/wiser_ewsa/mrakotomanga/pancast/raw/inputs_t0/input-20240929_1445.pt
Saved 5 targets for 20240929_1445
Saved input tensor: /gws/nopw/j04/wiser_ewsa/mrakotomanga/pancast/raw/inputs_t0/input-20240929_1500.pt
Saved 5 targets for 20240929_1500
Saved input tensor: /gws/nopw/j04/wiser_ewsa/mrakotomanga/pancast/raw/inputs_t0/input-20240929_1515.pt
Saved 5 targets for 20240929_1515
Saved input tensor: /gws/nopw/j04/wiser_ewsa/mrakotomanga/pancast/raw/inputs_t0/input-20240929_1530.pt
Saved 5 targets for 20240929_1530
Saved input tensor: /gws/nopw/j04/wiser_ewsa/mrakotomanga/pancast/raw/inputs_t0/input-20240929_1545.pt
Saved 5 targets for 20240929_1545
Saved input tensor: /gws/nopw/j04/wiser_ewsa/mrakotomanga/pancast/raw/inputs_t0/input-20240929_1600.pt
Saved 5 targets for 20240929_1600
Saved input tensor: /gws/nopw/j04/wiser_ewsa/mrakotomanga/pancast/raw/inputs_t0/input-20240929_1615.pt
Saved 5 targets for 20240929_1615
Saved input tensor: /gws/nopw/j04/wiser_ewsa/mrakotomanga/pancast/raw/inputs_t0/input-20240929_1630.pt
Saved 5 targets for 20240929_1630
Saved input tensor: /gws/nopw/j04/wiser_ewsa/mrakotomanga/pancast/raw/inputs_t0/input-20240929_1645.pt
Saved 5 targets for 20240929_1645
Saved input tensor: /gws/nopw/j04/wiser_ewsa/mrakotomanga/pancast/raw/inputs_t0/input-20240929_1700.pt
Saved 5 targets for 20240929_1700
Saved input tensor: /gws/nopw/j04/wiser_ewsa/mrakotomanga/pancast/raw/inputs_t0/input-20240929_1715.pt
Saved 5 targets for 20240929_1715
Saved input tensor: /gws/nopw/j04/wiser_ewsa/mrakotomanga/pancast/raw/inputs_t0/input-20240929_1730.pt
Saved 5 targets for 20240929_1730
Saved input tensor: /gws/nopw/j04/wiser_ewsa/mrakotomanga/pancast/raw/inputs_t0/input-20240929_1745.pt
Saved 5 targets for 20240929_1745
Saved input tensor: /gws/nopw/j04/wiser_ewsa/mrakotomanga/pancast/raw/inputs_t0/input-20240929_1800.pt
Saved 5 targets for 20240929_1800
Saved input tensor: /gws/nopw/j04/wiser_ewsa/mrakotomanga/pancast/raw/inputs_t0/input-20240929_1815.pt
Saved 5 targets for 20240929_1815
Saved input tensor: /gws/nopw/j04/wiser_ewsa/mrakotomanga/pancast/raw/inputs_t0/input-20240929_1830.pt
Saved 5 targets for 20240929_1830
Saved input tensor: /gws/nopw/j04/wiser_ewsa/mrakotomanga/pancast/raw/inputs_t0/input-20240929_1845.pt
Saved 5 targets for 20240929_1845
Saved input tensor: /gws/nopw/j04/wiser_ewsa/mrakotomanga/pancast/raw/inputs_t0/input-20240929_1900.pt
Saved 5 targets for 20240929_1900
Saved input tensor: /gws/nopw/j04/wiser_ewsa/mrakotomanga/pancast/raw/inputs_t0/input-20240929_1915.pt
Saved 5 targets for 20240929_1915
Saved input tensor: /gws/nopw/j04/wiser_ewsa/mrakotomanga/pancast/raw/inputs_t0/input-20240929_1930.pt
Saved 5 targets for 20240929_1930
Saved input tensor: /gws/nopw/j04/wiser_ewsa/mrakotomanga/pancast/raw/inputs_t0/input-20240929_1945.pt
Saved 5 targets for 20240929_1945
Saved input tensor: /gws/nopw/j04/wiser_ewsa/mrakotomanga/pancast/raw/inputs_t0/input-20240929_2000.pt
Saved 5 targets for 20240929_2000
Saved input tensor: /gws/nopw/j04/wiser_ewsa/mrakotomanga/pancast/raw/inputs_t0/input-20240929_2015.pt
Saved 5 targets for 20240929_2015
Saved input tensor: /gws/nopw/j04/wiser_ewsa/mrakotomanga/pancast/raw/inputs_t0/input-20240929_2030.pt
Saved 5 targets for 20240929_2030
Saved input tensor: /gws/nopw/j04/wiser_ewsa/mrakotomanga/pancast/raw/inputs_t0/input-20240929_2045.pt
Saved 5 targets for 20240929_2045
Saved input tensor: /gws/nopw/j04/wiser_ewsa/mrakotomanga/pancast/raw/inputs_t0/input-20240929_2100.pt
Saved 5 targets for 20240929_2100
Saved input tensor: /gws/nopw/j04/wiser_ewsa/mrakotomanga/pancast/raw/inputs_t0/input-20240929_2115.pt
Saved 5 targets for 20240929_2115
Saved input tensor: /gws/nopw/j04/wiser_ewsa/mrakotomanga/pancast/raw/inputs_t0/input-20240929_2130.pt
Saved 5 targets for 20240929_2130
Saved input tensor: /gws/nopw/j04/wiser_ewsa/mrakotomanga/pancast/raw/inputs_t0/input-20240929_2145.pt
Saved 5 targets for 20240929_2145
Saved input tensor: /gws/nopw/j04/wiser_ewsa/mrakotomanga/pancast/raw/inputs_t0/input-20240929_2200.pt
Saved 5 targets for 20240929_2200
Saved input tensor: /gws/nopw/j04/wiser_ewsa/mrakotomanga/pancast/raw/inputs_t0/input-20240929_2215.pt
Saved 5 targets for 20240929_2215
Saved input tensor: /gws/nopw/j04/wiser_ewsa/mrakotomanga/pancast/raw/inputs_t0/input-20240929_2230.pt
Saved 5 targets for 20240929_2230
Saved input tensor: /gws/nopw/j04/wiser_ewsa/mrakotomanga/pancast/raw/inputs_t0/input-20240929_2245.pt
Saved 5 targets for 20240929_2245
Saved input tensor: /gws/nopw/j04/wiser_ewsa/mrakotomanga/pancast/raw/inputs_t0/input-20240929_2300.pt
Saved 5 targets for 20240929_2300
Saved input tensor: /gws/nopw/j04/wiser_ewsa/mrakotomanga/pancast/raw/inputs_t0/input-20240929_2315.pt
Saved 5 targets for 20240929_2315
Saved input tensor: /gws/nopw/j04/wiser_ewsa/mrakotomanga/pancast/raw/inputs_t0/input-20240929_2330.pt
Saved 5 targets for 20240929_2330
Saved input tensor: /gws/nopw/j04/wiser_ewsa/mrakotomanga/pancast/raw/inputs_t0/input-20240929_2345.pt
Saved 5 targets for 20240929_2345
Saved input tensor: /gws/nopw/j04/wiser_ewsa/mrakotomanga/pancast/raw/inputs_t0/input-20240930_0000.pt
Saved 5 targets for 20240930_0000
Saved input tensor: /gws/nopw/j04/wiser_ewsa/mrakotomanga/pancast/raw/inputs_t0/input-20240930_0015.pt
Saved 5 targets for 20240930_0015
Saved input tensor: /gws/nopw/j04/wiser_ewsa/mrakotomanga/pancast/raw/inputs_t0/input-20240930_0030.pt
Saved 5 targets for 20240930_0030
Saved input tensor: /gws/nopw/j04/wiser_ewsa/mrakotomanga/pancast/raw/inputs_t0/input-20240930_0045.pt
Saved 5 targets for 20240930_0045
Saved input tensor: /gws/nopw/j04/wiser_ewsa/mrakotomanga/pancast/raw/inputs_t0/input-20240930_0100.pt
Saved 5 targets for 20240930_0100
Saved input tensor: /gws/nopw/j04/wiser_ewsa/mrakotomanga/pancast/raw/inputs_t0/input-20240930_0115.pt
Saved 5 targets for 20240930_0115
Saved input tensor: /gws/nopw/j04/wiser_ewsa/mrakotomanga/pancast/raw/inputs_t0/input-20240930_0130.pt
Saved 5 targets for 20240930_0130
Saved input tensor: /gws/nopw/j04/wiser_ewsa/mrakotomanga/pancast/raw/inputs_t0/input-20240930_0145.pt
Saved 5 targets for 20240930_0145
Saved input tensor: /gws/nopw/j04/wiser_ewsa/mrakotomanga/pancast/raw/inputs_t0/input-20240930_0200.pt
Saved 5 targets for 20240930_0200
Saved input tensor: /gws/nopw/j04/wiser_ewsa/mrakotomanga/pancast/raw/inputs_t0/input-20240930_0215.pt
Saved 5 targets for 20240930_0215
Saved input tensor: /gws/nopw/j04/wiser_ewsa/mrakotomanga/pancast/raw/inputs_t0/input-20240930_0230.pt
Saved 5 targets for 20240930_0230
Saved input tensor: /gws/nopw/j04/wiser_ewsa/mrakotomanga/pancast/raw/inputs_t0/input-20240930_0245.pt
Saved 5 targets for 20240930_0245
Saved input tensor: /gws/nopw/j04/wiser_ewsa/mrakotomanga/pancast/raw/inputs_t0/input-20240930_0300.pt
Saved 5 targets for 20240930_0300
Saved input tensor: /gws/nopw/j04/wiser_ewsa/mrakotomanga/pancast/raw/inputs_t0/input-20240930_0315.pt
Saved 5 targets for 20240930_0315
Saved input tensor: /gws/nopw/j04/wiser_ewsa/mrakotomanga/pancast/raw/inputs_t0/input-20240930_0330.pt
Saved 5 targets for 20240930_0330
Saved input tensor: /gws/nopw/j04/wiser_ewsa/mrakotomanga/pancast/raw/inputs_t0/input-20240930_0345.pt
Saved 5 targets for 20240930_0345
Saved input tensor: /gws/nopw/j04/wiser_ewsa/mrakotomanga/pancast/raw/inputs_t0/input-20240930_0400.pt
Saved 5 targets for 20240930_0400
Saved input tensor: /gws/nopw/j04/wiser_ewsa/mrakotomanga/pancast/raw/inputs_t0/input-20240930_0415.pt
Saved 5 targets for 20240930_0415
Saved input tensor: /gws/nopw/j04/wiser_ewsa/mrakotomanga/pancast/raw/inputs_t0/input-20240930_0430.pt
Saved 5 targets for 20240930_0430
Saved input tensor: /gws/nopw/j04/wiser_ewsa/mrakotomanga/pancast/raw/inputs_t0/input-20240930_0445.pt
Saved 5 targets for 20240930_0445
Saved input tensor: /gws/nopw/j04/wiser_ewsa/mrakotomanga/pancast/raw/inputs_t0/input-20240930_0500.pt
Saved 5 targets for 20240930_0500
Saved input tensor: /gws/nopw/j04/wiser_ewsa/mrakotomanga/pancast/raw/inputs_t0/input-20240930_0515.pt
Saved 5 targets for 20240930_0515
Saved input tensor: /gws/nopw/j04/wiser_ewsa/mrakotomanga/pancast/raw/inputs_t0/input-20240930_0530.pt
Saved 5 targets for 20240930_0530
Saved input tensor: /gws/nopw/j04/wiser_ewsa/mrakotomanga/pancast/raw/inputs_t0/input-20240930_0545.pt
Saved 5 targets for 20240930_0545
Saved input tensor: /gws/nopw/j04/wiser_ewsa/mrakotomanga/pancast/raw/inputs_t0/input-20240930_0600.pt
Saved 5 targets for 20240930_0600
Saved input tensor: /gws/nopw/j04/wiser_ewsa/mrakotomanga/pancast/raw/inputs_t0/input-20240930_0615.pt
Saved 5 targets for 20240930_0615
Saved input tensor: /gws/nopw/j04/wiser_ewsa/mrakotomanga/pancast/raw/inputs_t0/input-20240930_0630.pt
Saved 5 targets for 20240930_0630
Saved input tensor: /gws/nopw/j04/wiser_ewsa/mrakotomanga/pancast/raw/inputs_t0/input-20240930_0645.pt
Saved 5 targets for 20240930_0645
Saved input tensor: /gws/nopw/j04/wiser_ewsa/mrakotomanga/pancast/raw/inputs_t0/input-20240930_0700.pt
Saved 5 targets for 20240930_0700
Saved input tensor: /gws/nopw/j04/wiser_ewsa/mrakotomanga/pancast/raw/inputs_t0/input-20240930_0715.pt
Saved 5 targets for 20240930_0715
Saved input tensor: /gws/nopw/j04/wiser_ewsa/mrakotomanga/pancast/raw/inputs_t0/input-20240930_0730.pt
Saved 5 targets for 20240930_0730
Saved input tensor: /gws/nopw/j04/wiser_ewsa/mrakotomanga/pancast/raw/inputs_t0/input-20240930_0745.pt
Saved 5 targets for 20240930_0745
Saved input tensor: /gws/nopw/j04/wiser_ewsa/mrakotomanga/pancast/raw/inputs_t0/input-20240930_0800.pt
Saved 5 targets for 20240930_0800
Saved input tensor: /gws/nopw/j04/wiser_ewsa/mrakotomanga/pancast/raw/inputs_t0/input-20240930_0815.pt
Saved 5 targets for 20240930_0815
Saved input tensor: /gws/nopw/j04/wiser_ewsa/mrakotomanga/pancast/raw/inputs_t0/input-20240930_0830.pt
Saved 5 targets for 20240930_0830
Saved input tensor: /gws/nopw/j04/wiser_ewsa/mrakotomanga/pancast/raw/inputs_t0/input-20240930_0845.pt
Saved 5 targets for 20240930_0845
Saved input tensor: /gws/nopw/j04/wiser_ewsa/mrakotomanga/pancast/raw/inputs_t0/input-20240930_0900.pt
Saved 5 targets for 20240930_0900
Saved input tensor: /gws/nopw/j04/wiser_ewsa/mrakotomanga/pancast/raw/inputs_t0/input-20240930_0915.pt
Saved 5 targets for 20240930_0915
Saved input tensor: /gws/nopw/j04/wiser_ewsa/mrakotomanga/pancast/raw/inputs_t0/input-20240930_0930.pt
Saved 5 targets for 20240930_0930
Saved input tensor: /gws/nopw/j04/wiser_ewsa/mrakotomanga/pancast/raw/inputs_t0/input-20240930_0945.pt
Saved 5 targets for 20240930_0945
Saved input tensor: /gws/nopw/j04/wiser_ewsa/mrakotomanga/pancast/raw/inputs_t0/input-20240930_1000.pt
Saved 5 targets for 20240930_1000
Saved input tensor: /gws/nopw/j04/wiser_ewsa/mrakotomanga/pancast/raw/inputs_t0/input-20240930_1015.pt
Saved 5 targets for 20240930_1015
Saved input tensor: /gws/nopw/j04/wiser_ewsa/mrakotomanga/pancast/raw/inputs_t0/input-20240930_1030.pt
Saved 5 targets for 20240930_1030
Saved input tensor: /gws/nopw/j04/wiser_ewsa/mrakotomanga/pancast/raw/inputs_t0/input-20240930_1045.pt
Saved 5 targets for 20240930_1045
Saved input tensor: /gws/nopw/j04/wiser_ewsa/mrakotomanga/pancast/raw/inputs_t0/input-20240930_1100.pt
Saved 5 targets for 20240930_1100
Saved input tensor: /gws/nopw/j04/wiser_ewsa/mrakotomanga/pancast/raw/inputs_t0/input-20240930_1115.pt
Saved 5 targets for 20240930_1115
Saved input tensor: /gws/nopw/j04/wiser_ewsa/mrakotomanga/pancast/raw/inputs_t0/input-20240930_1130.pt
Saved 5 targets for 20240930_1130
Saved input tensor: /gws/nopw/j04/wiser_ewsa/mrakotomanga/pancast/raw/inputs_t0/input-20240930_1145.pt
Saved 5 targets for 20240930_1145
Saved input tensor: /gws/nopw/j04/wiser_ewsa/mrakotomanga/pancast/raw/inputs_t0/input-20240930_1200.pt
Saved 5 targets for 20240930_1200
Saved input tensor: /gws/nopw/j04/wiser_ewsa/mrakotomanga/pancast/raw/inputs_t0/input-20240930_1215.pt
Saved 5 targets for 20240930_1215
Saved input tensor: /gws/nopw/j04/wiser_ewsa/mrakotomanga/pancast/raw/inputs_t0/input-20240930_1230.pt
Saved 5 targets for 20240930_1230
Saved input tensor: /gws/nopw/j04/wiser_ewsa/mrakotomanga/pancast/raw/inputs_t0/input-20240930_1245.pt
Saved 5 targets for 20240930_1245
Saved input tensor: /gws/nopw/j04/wiser_ewsa/mrakotomanga/pancast/raw/inputs_t0/input-20240930_1300.pt
Saved 5 targets for 20240930_1300
Saved input tensor: /gws/nopw/j04/wiser_ewsa/mrakotomanga/pancast/raw/inputs_t0/input-20240930_1315.pt
Saved 5 targets for 20240930_1315
Saved input tensor: /gws/nopw/j04/wiser_ewsa/mrakotomanga/pancast/raw/inputs_t0/input-20240930_1330.pt
Saved 5 targets for 20240930_1330
Saved input tensor: /gws/nopw/j04/wiser_ewsa/mrakotomanga/pancast/raw/inputs_t0/input-20240930_1345.pt
Saved 5 targets for 20240930_1345
Saved input tensor: /gws/nopw/j04/wiser_ewsa/mrakotomanga/pancast/raw/inputs_t0/input-20240930_1400.pt
Saved 5 targets for 20240930_1400
Saved input tensor: /gws/nopw/j04/wiser_ewsa/mrakotomanga/pancast/raw/inputs_t0/input-20240930_1415.pt
Saved 5 targets for 20240930_1415
Saved input tensor: /gws/nopw/j04/wiser_ewsa/mrakotomanga/pancast/raw/inputs_t0/input-20240930_1430.pt
Saved 5 targets for 20240930_1430
Saved input tensor: /gws/nopw/j04/wiser_ewsa/mrakotomanga/pancast/raw/inputs_t0/input-20240930_1445.pt
Saved 5 targets for 20240930_1445
Saved input tensor: /gws/nopw/j04/wiser_ewsa/mrakotomanga/pancast/raw/inputs_t0/input-20240930_1500.pt
Saved 5 targets for 20240930_1500
Saved input tensor: /gws/nopw/j04/wiser_ewsa/mrakotomanga/pancast/raw/inputs_t0/input-20240930_1515.pt
Saved 5 targets for 20240930_1515
Saved input tensor: /gws/nopw/j04/wiser_ewsa/mrakotomanga/pancast/raw/inputs_t0/input-20240930_1530.pt
Saved 5 targets for 20240930_1530
Saved input tensor: /gws/nopw/j04/wiser_ewsa/mrakotomanga/pancast/raw/inputs_t0/input-20240930_1545.pt
Saved 5 targets for 20240930_1545
Saved input tensor: /gws/nopw/j04/wiser_ewsa/mrakotomanga/pancast/raw/inputs_t0/input-20240930_1600.pt
Saved 5 targets for 20240930_1600
Saved input tensor: /gws/nopw/j04/wiser_ewsa/mrakotomanga/pancast/raw/inputs_t0/input-20240930_1615.pt
Saved 5 targets for 20240930_1615
Saved input tensor: /gws/nopw/j04/wiser_ewsa/mrakotomanga/pancast/raw/inputs_t0/input-20240930_1630.pt
Saved 5 targets for 20240930_1630
Saved input tensor: /gws/nopw/j04/wiser_ewsa/mrakotomanga/pancast/raw/inputs_t0/input-20240930_1645.pt
Saved 5 targets for 20240930_1645
Saved input tensor: /gws/nopw/j04/wiser_ewsa/mrakotomanga/pancast/raw/inputs_t0/input-20240930_1700.pt
Saved 5 targets for 20240930_1700
Saved input tensor: /gws/nopw/j04/wiser_ewsa/mrakotomanga/pancast/raw/inputs_t0/input-20240930_1715.pt
Saved 5 targets for 20240930_1715
Saved input tensor: /gws/nopw/j04/wiser_ewsa/mrakotomanga/pancast/raw/inputs_t0/input-20240930_1730.pt
Saved 5 targets for 20240930_1730
Saved input tensor: /gws/nopw/j04/wiser_ewsa/mrakotomanga/pancast/raw/inputs_t0/input-20240930_1745.pt
Saved 5 targets for 20240930_1745
Saved input tensor: /gws/nopw/j04/wiser_ewsa/mrakotomanga/pancast/raw/inputs_t0/input-20240930_1800.pt
Saved 5 targets for 20240930_1800
Saved input tensor: /gws/nopw/j04/wiser_ewsa/mrakotomanga/pancast/raw/inputs_t0/input-20240930_1815.pt
Saved 5 targets for 20240930_1815
Saved input tensor: /gws/nopw/j04/wiser_ewsa/mrakotomanga/pancast/raw/inputs_t0/input-20240930_1830.pt
Saved 5 targets for 20240930_1830
Saved input tensor: /gws/nopw/j04/wiser_ewsa/mrakotomanga/pancast/raw/inputs_t0/input-20240930_1845.pt
Saved 5 targets for 20240930_1845
Saved input tensor: /gws/nopw/j04/wiser_ewsa/mrakotomanga/pancast/raw/inputs_t0/input-20240930_1900.pt
Saved 5 targets for 20240930_1900
Saved input tensor: /gws/nopw/j04/wiser_ewsa/mrakotomanga/pancast/raw/inputs_t0/input-20240930_1915.pt
Saved 5 targets for 20240930_1915
Saved input tensor: /gws/nopw/j04/wiser_ewsa/mrakotomanga/pancast/raw/inputs_t0/input-20240930_1930.pt
Saved 5 targets for 20240930_1930
Saved input tensor: /gws/nopw/j04/wiser_ewsa/mrakotomanga/pancast/raw/inputs_t0/input-20240930_1945.pt
Saved 5 targets for 20240930_1945
Saved input tensor: /gws/nopw/j04/wiser_ewsa/mrakotomanga/pancast/raw/inputs_t0/input-20240930_2000.pt
Saved 5 targets for 20240930_2000
Saved input tensor: /gws/nopw/j04/wiser_ewsa/mrakotomanga/pancast/raw/inputs_t0/input-20240930_2015.pt
Saved 5 targets for 20240930_2015
Saved input tensor: /gws/nopw/j04/wiser_ewsa/mrakotomanga/pancast/raw/inputs_t0/input-20240930_2030.pt
Saved 5 targets for 20240930_2030
Saved input tensor: /gws/nopw/j04/wiser_ewsa/mrakotomanga/pancast/raw/inputs_t0/input-20240930_2045.pt
Saved 5 targets for 20240930_2045
Missing required files for /gws/nopw/j04/cocoon/SSA_domain/ch9_wavelet/2024/09/202409302100.nc
Missing required files for /gws/nopw/j04/cocoon/SSA_domain/ch9_wavelet/2024/09/202409302115.nc
Missing required files for /gws/nopw/j04/cocoon/SSA_domain/ch9_wavelet/2024/09/202409302130.nc
Missing required files for /gws/nopw/j04/cocoon/SSA_domain/ch9_wavelet/2024/09/202409302145.nc
Missing required files for /gws/nopw/j04/cocoon/SSA_domain/ch9_wavelet/2024/09/202409302200.nc
Missing required files for /gws/nopw/j04/cocoon/SSA_domain/ch9_wavelet/2024/09/202409302215.nc
Missing required files for /gws/nopw/j04/cocoon/SSA_domain/ch9_wavelet/2024/09/202409302230.nc
Missing required files for /gws/nopw/j04/cocoon/SSA_domain/ch9_wavelet/2024/09/202409302245.nc
Missing required files for /gws/nopw/j04/cocoon/SSA_domain/ch9_wavelet/2024/09/202409302300.nc
Missing required files for /gws/nopw/j04/cocoon/SSA_domain/ch9_wavelet/2024/09/202409302315.nc
Missing required files for /gws/nopw/j04/cocoon/SSA_domain/ch9_wavelet/2024/09/202409302330.nc
Missing required files for /gws/nopw/j04/cocoon/SSA_domain/ch9_wavelet/2024/09/202409302345.nc
Job completed successfully.
