[rank: 0] Seed set to 676
[rank: 1] Seed set to 676
[rank: 3] Seed set to 676
[rank: 2] Seed set to 676
Using 16bit Automatic Mixed Precision (AMP)
GPU available: True (cuda), used: True
TPU available: False, using: 0 TPU cores
HPU available: False, using: 0 HPUs
Initializing distributed: GLOBAL_RANK: 2, MEMBER: 3/4
Initializing distributed: GLOBAL_RANK: 0, MEMBER: 1/4
----------------------------------------------------------------------------------------------------
distributed_backend=nccl
All distributed processes registered. Starting with 4 processes
----------------------------------------------------------------------------------------------------

Initializing distributed: GLOBAL_RANK: 1, MEMBER: 2/4
Initializing distributed: GLOBAL_RANK: 3, MEMBER: 4/4
wandb: Currently logged in as: mgrakotomanga (mgrakotomanga-university-of-leeds) to https://api.wandb.ai. Use `wandb login --relogin` to force relogin
wandb: Tracking run with wandb version 0.20.1
wandb: Run data is saved locally in ./wandb/run-20260109_151050-nvqpi3ec
wandb: Run `wandb offline` to turn off syncing.
wandb: Syncing run t60_seed676
wandb: ⭐️ View project at https://wandb.ai/mgrakotomanga-university-of-leeds/dev-pancast-64
wandb: 🚀 View run at https://wandb.ai/mgrakotomanga-university-of-leeds/dev-pancast-64/runs/nvqpi3ec
LOCAL_RANK: 0 - CUDA_VISIBLE_DEVICES: [0,1,2,3]
LOCAL_RANK: 1 - CUDA_VISIBLE_DEVICES: [0,1,2,3]
LOCAL_RANK: 2 - CUDA_VISIBLE_DEVICES: [0,1,2,3]
LOCAL_RANK: 3 - CUDA_VISIBLE_DEVICES: [0,1,2,3]

  | Name        | Type                  | Params | Mode 
--------------------------------------------------------------
0 | in_proj     | Sequential            | 1.8 K  | train
1 | transformer | TransformerEncoder    | 793 K  | train
2 | map_proj    | Linear                | 67.6 M | train
3 | decoder     | SimpleDecoder         | 3.8 M  | train
4 | criterion   | SpatiallyEnhancedLoss | 0      | train
5 | val_auc     | BinaryAUROC           | 0      | train
--------------------------------------------------------------
72.3 M    Trainable params
0         Non-trainable params
72.3 M    Total params
289.060   Total estimated model params size (MB)
73        Modules in train mode
0         Modules in eval mode
